PASS vertical completes without render error
PASS horizontal completes without render error
PASS UTF8 references exceed fresh encodes
PASS placement changes use sparse patches
PASS identical text resources are interned
PASS server validation reuses immutable reference summaries
PASS exact identity transforms skip native canvas operations
PASS transport retains one in-flight batch and a bounded transfer pool
PASS 100 warm repaint requests create no new packets or string encodes
/mnt/data/invalidation-fix/AvaloniaWeb/tests/worker-performance-browser.py:98: DeprecationWarning: Image.Image.getdata is deprecated and will be removed in Pillow 14 (2027-10-15). Use get_flattened_data instead.
  bad=sum(1 for rgba in diff.getdata()if max(rgba)>0)
PASS 0.6.1 versus optimized table-initial exact RGBA
PASS 0.6.1 versus optimized table-vertical exact RGBA
PASS 0.6.1 versus optimized table-both-axes exact RGBA
PASS 0.6.1 versus optimized typography exact RGBA
PASS 0.6.1 versus optimized scrollviewer exact RGBA
PASS 0.6.1 versus optimized image exact RGBA
PASS 0.6.1 versus optimized acrylic exact RGBA
{
  "Completed": true,
  "Passed": 16,
  "Failed": 0,
  "Errors": [],
  "MissingAssets": []
}
