TAP version 13
# Subtest: native invalidation: a visual cache never consumes invalidation raised while rendering its snapshot
ok 1 - native invalidation: a visual cache never consumes invalidation raised while rendering its snapshot
  ---
  duration_ms: 11.482657
  type: 'test'
  ...
# Subtest: native invalidation: cached worker visual retains the final composition animation frame
ok 2 - native invalidation: cached worker visual retains the final composition animation frame
  ---
  duration_ms: 15.444324
  type: 'test'
  ...
1..2
# tests 2
# suites 0
# pass 2
# fail 0
# cancelled 0
# skipped 0
# todo 0
# duration_ms 526.168266
