
> avaloniaweb-workspace@0.3.0-alpha.1 test
> node --import ./scripts/register-loader.mjs --test tests/*.test.mjs

TAP version 13
# Subtest: Automation peers are cached, dispatch notifications, and release owner subscriptions
ok 1 - Automation peers are cached, dispatch notifications, and release owner subscriptions
  ---
  duration_ms: 5.878909
  type: 'test'
  ...
# Subtest: Automation XAML metadata, labeled-by cycles and custom peer overrides
ok 2 - Automation XAML metadata, labeled-by cycles and custom peer overrides
  ---
  duration_ms: 7.898276
  type: 'test'
  ...
# Subtest: Invoke/toggle/radio providers enforce disabled and mutually exclusive behavior
ok 3 - Invoke/toggle/radio providers enforce disabled and mutually exclusive behavior
  ---
  duration_ms: 5.546228
  type: 'test'
  ...
# Subtest: Value and range providers preserve password privacy and read-only/range contracts
ok 4 - Value and range providers preserve password privacy and read-only/range contracts
  ---
  duration_ms: 4.439867
  type: 'test'
  ...
# Subtest: Selection peers represent offscreen items without allocating the whole list
ok 5 - Selection peers represent offscreen items without allocating the whole list
  ---
  duration_ms: 34.208372
  type: 'test'
  ...
# Subtest: Table automation exposes actual headers, rows, grid cell identity and current row indices
ok 6 - Table automation exposes actual headers, rows, grid cell identity and current row indices
  ---
  duration_ms: 52.960832
  type: 'test'
  ...
# Subtest: Tree expansion peers update underlying hierarchy and report sibling positions
ok 7 - Tree expansion peers update underlying hierarchy and report sibling positions
  ---
  duration_ms: 7.94811
  type: 'test'
  ...
# Subtest: Scroll and clipping automation use measured viewport and enforce unsupported axes
ok 8 - Scroll and clipping automation use measured viewport and enforce unsupported axes
  ---
  duration_ms: 14.054444
  type: 'test'
  ...
# Subtest: Visual adoption rejects a conflicting logical parent without a partial mutation
ok 9 - Visual adoption rejects a conflicting logical parent without a partial mutation
  ---
  duration_ms: 0.437935
  type: 'test'
  ...
# Subtest: AOT catalog construction, layout and disposal: MainView
ok 10 - AOT catalog construction, layout and disposal: MainView
  ---
  duration_ms: 51.797317
  type: 'test'
  ...
# Subtest: AOT catalog construction, layout and disposal: Accelerator
ok 11 - AOT catalog construction, layout and disposal: Accelerator
  ---
  duration_ms: 3.485389
  type: 'test'
  ...
# Subtest: AOT catalog construction, layout and disposal: Acrylic
ok 12 - AOT catalog construction, layout and disposal: Acrylic
  ---
  duration_ms: 5.339644
  type: 'test'
  ...
# Subtest: AOT catalog construction, layout and disposal: AdornerLayer
ok 13 - AOT catalog construction, layout and disposal: AdornerLayer
  ---
  duration_ms: 18.821283
  type: 'test'
  ...
# Subtest: AOT catalog construction, layout and disposal: AutoCompleteBox
ok 14 - AOT catalog construction, layout and disposal: AutoCompleteBox
  ---
  duration_ms: 3.938058
  type: 'test'
  ...
# Subtest: AOT catalog construction, layout and disposal: BitmapCache
ok 15 - AOT catalog construction, layout and disposal: BitmapCache
  ---
  duration_ms: 5.683751
  type: 'test'
  ...
# Subtest: AOT catalog construction, layout and disposal: Border
ok 16 - AOT catalog construction, layout and disposal: Border
  ---
  duration_ms: 4.391636
  type: 'test'
  ...
# Subtest: AOT catalog construction, layout and disposal: ButtonSpinner
ok 17 - AOT catalog construction, layout and disposal: ButtonSpinner
  ---
  duration_ms: 5.117256
  type: 'test'
  ...
# Subtest: AOT catalog construction, layout and disposal: Buttons
ok 18 - AOT catalog construction, layout and disposal: Buttons
  ---
  duration_ms: 9.491876
  type: 'test'
  ...
# Subtest: AOT catalog construction, layout and disposal: Calendar
ok 19 - AOT catalog construction, layout and disposal: Calendar
  ---
  duration_ms: 5.190914
  type: 'test'
  ...
# Subtest: AOT catalog construction, layout and disposal: CalendarDatePicker
ok 20 - AOT catalog construction, layout and disposal: CalendarDatePicker
  ---
  duration_ms: 2.845806
  type: 'test'
  ...
# Subtest: AOT catalog construction, layout and disposal: Canvas
ok 21 - AOT catalog construction, layout and disposal: Canvas
  ---
  duration_ms: 3.933209
  type: 'test'
  ...
# Subtest: AOT catalog construction, layout and disposal: Carousel
ok 22 - AOT catalog construction, layout and disposal: Carousel
  ---
  duration_ms: 4.673171
  type: 'test'
  ...
# Subtest: AOT catalog construction, layout and disposal: CarouselPage
ok 23 - AOT catalog construction, layout and disposal: CarouselPage
  ---
  duration_ms: 3.698584
  type: 'test'
  ...
# Subtest: AOT catalog construction, layout and disposal: CheckBox
ok 24 - AOT catalog construction, layout and disposal: CheckBox
  ---
  duration_ms: 5.022786
  type: 'test'
  ...
# Subtest: AOT catalog construction, layout and disposal: Clipboard
ok 25 - AOT catalog construction, layout and disposal: Clipboard
  ---
  duration_ms: 4.396643
  type: 'test'
  ...
# Subtest: AOT catalog construction, layout and disposal: ColorPicker
ok 26 - AOT catalog construction, layout and disposal: ColorPicker
  ---
  duration_ms: 4.485644
  type: 'test'
  ...
# Subtest: AOT catalog construction, layout and disposal: ComboBox
ok 27 - AOT catalog construction, layout and disposal: ComboBox
  ---
  duration_ms: 3.585387
  type: 'test'
  ...
# Subtest: AOT catalog construction, layout and disposal: CommandBar
ok 28 - AOT catalog construction, layout and disposal: CommandBar
  ---
  duration_ms: 3.115203
  type: 'test'
  ...
# Subtest: AOT catalog construction, layout and disposal: Composition
ok 29 - AOT catalog construction, layout and disposal: Composition
  ---
  duration_ms: 5.965657
  type: 'test'
  ...
# Subtest: AOT catalog construction, layout and disposal: ContainerQueries
ok 30 - AOT catalog construction, layout and disposal: ContainerQueries
  ---
  duration_ms: 7.048353
  type: 'test'
  ...
# Subtest: AOT catalog construction, layout and disposal: ContentPage
ok 31 - AOT catalog construction, layout and disposal: ContentPage
  ---
  duration_ms: 4.175206
  type: 'test'
  ...
# Subtest: AOT catalog construction, layout and disposal: ContextFlyout
ok 32 - AOT catalog construction, layout and disposal: ContextFlyout
  ---
  duration_ms: 2.815081
  type: 'test'
  ...
# Subtest: AOT catalog construction, layout and disposal: ContextMenu
ok 33 - AOT catalog construction, layout and disposal: ContextMenu
  ---
  duration_ms: 2.656668
  type: 'test'
  ...
# Subtest: AOT catalog construction, layout and disposal: Cursor
ok 34 - AOT catalog construction, layout and disposal: Cursor
  ---
  duration_ms: 7.5961
  type: 'test'
  ...
# Subtest: AOT catalog construction, layout and disposal: CustomDrawing
ok 35 - AOT catalog construction, layout and disposal: CustomDrawing
  ---
  duration_ms: 2.360541
  type: 'test'
  ...
# Subtest: AOT catalog construction, layout and disposal: DataValidation
ok 36 - AOT catalog construction, layout and disposal: DataValidation
  ---
  duration_ms: 3.079911
  type: 'test'
  ...
# Subtest: AOT catalog construction, layout and disposal: DateTimePicker
ok 37 - AOT catalog construction, layout and disposal: DateTimePicker
  ---
  duration_ms: 3.525508
  type: 'test'
  ...
# Subtest: AOT catalog construction, layout and disposal: Dialogs
ok 38 - AOT catalog construction, layout and disposal: Dialogs
  ---
  duration_ms: 3.522995
  type: 'test'
  ...
# Subtest: AOT catalog construction, layout and disposal: DragDrop
ok 39 - AOT catalog construction, layout and disposal: DragDrop
  ---
  duration_ms: 2.368944
  type: 'test'
  ...
# Subtest: AOT catalog construction, layout and disposal: DrawerPage
ok 40 - AOT catalog construction, layout and disposal: DrawerPage
  ---
  duration_ms: 2.784806
  type: 'test'
  ...
# Subtest: AOT catalog construction, layout and disposal: Expander
ok 41 - AOT catalog construction, layout and disposal: Expander
  ---
  duration_ms: 4.287361
  type: 'test'
  ...
# Subtest: AOT catalog construction, layout and disposal: FlexPanel
ok 42 - AOT catalog construction, layout and disposal: FlexPanel
  ---
  duration_ms: 2.361602
  type: 'test'
  ...
# Subtest: AOT catalog construction, layout and disposal: Flyouts
ok 43 - AOT catalog construction, layout and disposal: Flyouts
  ---
  duration_ms: 2.690007
  type: 'test'
  ...
# Subtest: AOT catalog construction, layout and disposal: Focus
ok 44 - AOT catalog construction, layout and disposal: Focus
  ---
  duration_ms: 3.650513
  type: 'test'
  ...
# Subtest: AOT catalog construction, layout and disposal: Gestures
ok 45 - AOT catalog construction, layout and disposal: Gestures
  ---
  duration_ms: 6.678948
  type: 'test'
  ...
# Subtest: AOT catalog construction, layout and disposal: HeaderedContentControl
ok 46 - AOT catalog construction, layout and disposal: HeaderedContentControl
  ---
  duration_ms: 2.668555
  type: 'test'
  ...
# Subtest: AOT catalog construction, layout and disposal: Image
ok 47 - AOT catalog construction, layout and disposal: Image
  ---
  duration_ms: 2.295825
  type: 'test'
  ...
# Subtest: AOT catalog construction, layout and disposal: Label
ok 48 - AOT catalog construction, layout and disposal: Label
  ---
  duration_ms: 2.930461
  type: 'test'
  ...
# Subtest: AOT catalog construction, layout and disposal: LayoutTransformControl
ok 49 - AOT catalog construction, layout and disposal: LayoutTransformControl
  ---
  duration_ms: 4.356955
  type: 'test'
  ...
# Subtest: AOT catalog construction, layout and disposal: ListBox
ok 50 - AOT catalog construction, layout and disposal: ListBox
  ---
  duration_ms: 8.259489
  type: 'test'
  ...
# Subtest: AOT catalog construction, layout and disposal: Menu
ok 51 - AOT catalog construction, layout and disposal: Menu
  ---
  duration_ms: 2.497142
  type: 'test'
  ...
# Subtest: AOT catalog construction, layout and disposal: NativeEmbed
ok 52 - AOT catalog construction, layout and disposal: NativeEmbed
  ---
  duration_ms: 3.832471
  type: 'test'
  ...
# Subtest: AOT catalog construction, layout and disposal: NavigationPage
ok 53 - AOT catalog construction, layout and disposal: NavigationPage
  ---
  duration_ms: 3.608811
  type: 'test'
  ...
# Subtest: AOT catalog construction, layout and disposal: Notifications
ok 54 - AOT catalog construction, layout and disposal: Notifications
  ---
  duration_ms: 1.937206
  type: 'test'
  ...
# Subtest: AOT catalog construction, layout and disposal: NumericUpDown
ok 55 - AOT catalog construction, layout and disposal: NumericUpDown
  ---
  duration_ms: 5.599156
  type: 'test'
  ...
# Subtest: AOT catalog construction, layout and disposal: OpenGL
ok 56 - AOT catalog construction, layout and disposal: OpenGL
  ---
  duration_ms: 7.104826
  type: 'test'
  ...
# Subtest: AOT catalog construction, layout and disposal: OpenGLInterop
ok 57 - AOT catalog construction, layout and disposal: OpenGLInterop
  ---
  duration_ms: 4.257178
  type: 'test'
  ...
# Subtest: AOT catalog construction, layout and disposal: OpenGLLease
ok 58 - AOT catalog construction, layout and disposal: OpenGLLease
  ---
  duration_ms: 4.146474
  type: 'test'
  ...
# Subtest: AOT catalog construction, layout and disposal: PipsPager
ok 59 - AOT catalog construction, layout and disposal: PipsPager
  ---
  duration_ms: 2.395291
  type: 'test'
  ...
# Subtest: AOT catalog construction, layout and disposal: PlatformInformation
ok 60 - AOT catalog construction, layout and disposal: PlatformInformation
  ---
  duration_ms: 1.988642
  type: 'test'
  ...
# Subtest: AOT catalog construction, layout and disposal: PlatformSettings
ok 61 - AOT catalog construction, layout and disposal: PlatformSettings
  ---
  duration_ms: 1.850789
  type: 'test'
  ...
# Subtest: AOT catalog construction, layout and disposal: Pointers
ok 62 - AOT catalog construction, layout and disposal: Pointers
  ---
  duration_ms: 2.422442
  type: 'test'
  ...
# Subtest: AOT catalog construction, layout and disposal: ProgressBar
ok 63 - AOT catalog construction, layout and disposal: ProgressBar
  ---
  duration_ms: 3.790759
  type: 'test'
  ...
# Subtest: AOT catalog construction, layout and disposal: RadioButton
ok 64 - AOT catalog construction, layout and disposal: RadioButton
  ---
  duration_ms: 3.586719
  type: 'test'
  ...
# Subtest: AOT catalog construction, layout and disposal: RefreshContainer
ok 65 - AOT catalog construction, layout and disposal: RefreshContainer
  ---
  duration_ms: 3.0248
  type: 'test'
  ...
# Subtest: AOT catalog construction, layout and disposal: RelativePanel
ok 66 - AOT catalog construction, layout and disposal: RelativePanel
  ---
  duration_ms: 5.226667
  type: 'test'
  ...
# Subtest: AOT catalog construction, layout and disposal: Screens
ok 67 - AOT catalog construction, layout and disposal: Screens
  ---
  duration_ms: 1.939851
  type: 'test'
  ...
# Subtest: AOT catalog construction, layout and disposal: ScrollViewer
ok 68 - AOT catalog construction, layout and disposal: ScrollViewer
  ---
  duration_ms: 2.324087
  type: 'test'
  ...
# Subtest: AOT catalog construction, layout and disposal: Slider
ok 69 - AOT catalog construction, layout and disposal: Slider
  ---
  duration_ms: 10.274651
  type: 'test'
  ...
# Subtest: AOT catalog construction, layout and disposal: SplitView
ok 70 - AOT catalog construction, layout and disposal: SplitView
  ---
  duration_ms: 2.751878
  type: 'test'
  ...
# Subtest: AOT catalog construction, layout and disposal: TabControl
ok 71 - AOT catalog construction, layout and disposal: TabControl
  ---
  duration_ms: 2.114799
  type: 'test'
  ...
# Subtest: AOT catalog construction, layout and disposal: TabStrip
ok 72 - AOT catalog construction, layout and disposal: TabStrip
  ---
  duration_ms: 2.122199
  type: 'test'
  ...
# Subtest: AOT catalog construction, layout and disposal: TabbedPage
ok 73 - AOT catalog construction, layout and disposal: TabbedPage
  ---
  duration_ms: 2.065776
  type: 'test'
  ...
# Subtest: AOT catalog construction, layout and disposal: TableView
ok 74 - AOT catalog construction, layout and disposal: TableView
  ---
  duration_ms: 4.037494
  type: 'test'
  ...
# Subtest: AOT catalog construction, layout and disposal: TextBlock
ok 75 - AOT catalog construction, layout and disposal: TextBlock
  ---
  duration_ms: 3.567982
  type: 'test'
  ...
# Subtest: AOT catalog construction, layout and disposal: TextBox
ok 76 - AOT catalog construction, layout and disposal: TextBox
  ---
  duration_ms: 5.154741
  type: 'test'
  ...
# Subtest: AOT catalog construction, layout and disposal: ThemeVariants
ok 77 - AOT catalog construction, layout and disposal: ThemeVariants
  ---
  duration_ms: 5.753414
  type: 'test'
  ...
# Subtest: AOT catalog construction, layout and disposal: ToggleSwitch
ok 78 - AOT catalog construction, layout and disposal: ToggleSwitch
  ---
  duration_ms: 3.809838
  type: 'test'
  ...
# Subtest: AOT catalog construction, layout and disposal: ToolTip
ok 79 - AOT catalog construction, layout and disposal: ToolTip
  ---
  duration_ms: 3.206148
  type: 'test'
  ...
# Subtest: AOT catalog construction, layout and disposal: TransitioningContentControl
ok 80 - AOT catalog construction, layout and disposal: TransitioningContentControl
  ---
  duration_ms: 2.526946
  type: 'test'
  ...
# Subtest: AOT catalog construction, layout and disposal: TreeView
ok 81 - AOT catalog construction, layout and disposal: TreeView
  ---
  duration_ms: 2.343616
  type: 'test'
  ...
# Subtest: AOT catalog construction, layout and disposal: Viewbox
ok 82 - AOT catalog construction, layout and disposal: Viewbox
  ---
  duration_ms: 3.211475
  type: 'test'
  ...
# Subtest: AOT catalog construction, layout and disposal: WindowCustomizations
ok 83 - AOT catalog construction, layout and disposal: WindowCustomizations
  ---
  duration_ms: 3.481874
  type: 'test'
  ...
# Subtest: AOT catalog construction, layout and disposal: WrapPanel
ok 84 - AOT catalog construction, layout and disposal: WrapPanel
  ---
  duration_ms: 2.002272
  type: 'test'
  ...
# Subtest: catalog coverage manifest does not claim all upstream subexamples
ok 85 - catalog coverage manifest does not claim all upstream subexamples
  ---
  duration_ms: 0.12257
  type: 'test'
  ...
# Subtest: CompiledBindingExtension creates an executable incremental expression, not the reflection expression
ok 86 - CompiledBindingExtension creates an executable incremental expression, not the reflection expression
  ---
  duration_ms: 6.611298
  type: 'test'
  ...
# Subtest: compiled nested leaf updates do not reread ancestors or recreate subscriptions
ok 87 - compiled nested leaf updates do not reread ancestors or recreate subscriptions
  ---
  duration_ms: 7.451127
  type: 'test'
  ...
# Subtest: compiled branch replacement detaches only the obsolete suffix
ok 88 - compiled branch replacement detaches only the obsolete suffix
  ---
  duration_ms: 0.753091
  type: 'test'
  ...
# Subtest: compiled paths preserve terminal null and TargetNullValue without treating it as missing
ok 89 - compiled paths preserve terminal null and TargetNullValue without treating it as missing
  ---
  duration_ms: 0.429664
  type: 'test'
  ...
# Subtest: null intermediate compiled paths recover when the branch appears
ok 90 - null intermediate compiled paths recover when the branch appears
  ---
  duration_ms: 0.731418
  type: 'test'
  ...
# Subtest: compiled TwoWay setters reread normalized source values after assignment
ok 91 - compiled TwoWay setters reread normalized source values after assignment
  ---
  duration_ms: 1.237004
  type: 'test'
  ...
# Subtest: compiled delegates and declared read-only accessors are enforced
ok 92 - compiled delegates and declared read-only accessors are enforced
  ---
  duration_ms: 0.756967
  type: 'test'
  ...
# Subtest: compiled observable streams switch subscriptions and continue through emitted objects
ok 93 - compiled observable streams switch subscriptions and continue through emitted objects
  ---
  duration_ms: 0.633264
  type: 'test'
  ...
# Subtest: compiled Promise streams ignore stale completions after replacement
ok 94 - compiled Promise streams ignore stale completions after replacement
  ---
  duration_ms: 0.740752
  type: 'test'
  ...
# Subtest: compiled Promise rejection publishes fallback and exposes the binding error
ok 95 - compiled Promise rejection publishes fallback and exposes the binding error
  ---
  duration_ms: 1.03119
  type: 'test'
  ...
# Subtest: compiled stream disposal rejects late results and releases child observers
ok 96 - compiled stream disposal rejects late results and releases child observers
  ---
  duration_ms: 0.344347
  type: 'test'
  ...
# Subtest: compiled OneTime bindings release stream subscriptions after the first real value
ok 97 - compiled OneTime bindings release stream subscriptions after the first real value
  ---
  duration_ms: 0.261606
  type: 'test'
  ...
# Subtest: builder ArrayElement, TypeCast and Not compose executable operations
ok 98 - builder ArrayElement, TypeCast and Not compose executable operations
  ---
  duration_ms: 0.559094
  type: 'test'
  ...
# Subtest: compiled self, templated parent and namescope roots resolve without DataContext
ok 99 - compiled self, templated parent and namescope roots resolve without DataContext
  ---
  duration_ms: 1.005593
  type: 'test'
  ...
# Subtest: compiled command dependencies notify CanExecuteChanged and dispose observers
ok 100 - compiled command dependencies notify CanExecuteChanged and dispose observers
  ---
  duration_ms: 0.71866
  type: 'test'
  ...
# Subtest: compiled paths reject unsafe names and preserve carets inside quoted map keys
ok 101 - compiled paths reject unsafe names and preserve carets inside quoted map keys
  ---
  duration_ms: 0.418667
  type: 'test'
  ...
# Subtest: runtime XAML and emitted AOT modules both execute compiled stream bindings
ok 102 - runtime XAML and emitted AOT modules both execute compiled stream bindings
  ---
  duration_ms: 12.649392
  type: 'test'
  ...
# Subtest: compiled accessor factories observe, set and dispose without retaining obsolete branches
ok 103 - compiled accessor factories observe, set and dispose without retaining obsolete branches
  ---
  duration_ms: 0.634966
  type: 'test'
  ...
# Subtest: compiled accessor errors are cleared by the next successful value
ok 104 - compiled accessor errors are cleared by the next successful value
  ---
  duration_ms: 0.30494
  type: 'test'
  ...
# Subtest: OneWayToSource preserves the initial target and keeps an active source-only priority entry
ok 105 - OneWayToSource preserves the initial target and keeps an active source-only priority entry
  ---
  duration_ms: 0.73273
  type: 'test'
  ...
# Subtest: compiled explicit source updates do not write before UpdateSource is requested
ok 106 - compiled explicit source updates do not write before UpdateSource is requested
  ---
  duration_ms: 0.254786
  type: 'test'
  ...
# Subtest: compiled builder validates casts and can evaluate nullable getter delegates
ok 107 - compiled builder validates casts and can evaluate nullable getter delegates
  ---
  duration_ms: 0.432899
  type: 'test'
  ...
# Subtest: composition snapshots publish atomically at commit, not at property assignment
ok 108 - composition snapshots publish atomically at commit, not at property assignment
  ---
  duration_ms: 3.699285
  type: 'test'
  ...
# Subtest: visual collections reject duplicate parents, cycles, and cross-compositor resources
ok 109 - visual collections reject duplicate parents, cycles, and cross-compositor resources
  ---
  duration_ms: 0.876773
  type: 'test'
  ...
# Subtest: scalar keyframes are deterministic and cancellation restores the base property
ok 110 - scalar keyframes are deterministic and cancellation restores the base property
  ---
  duration_ms: 1.217805
  type: 'test'
  ...
# Subtest: keyframe clocks stop after completion and retain final presentation state
ok 111 - keyframe clocks stop after completion and retain final presentation state
  ---
  duration_ms: 0.410606
  type: 'test'
  ...
# Subtest: alternating keyframes and delay use the injected clock
ok 112 - alternating keyframes and delay use the injected clock
  ---
  duration_ms: 0.436153
  type: 'test'
  ...
# Subtest: expression parser supports vectors, arithmetic, functions and lazy conditionals
ok 113 - expression parser supports vectors, arithmetic, functions and lazy conditionals
  ---
  duration_ms: 2.30607
  type: 'test'
  ...
# Subtest: expression references observe committed property-set values
ok 114 - expression references observe committed property-set values
  ---
  duration_ms: 0.971663
  type: 'test'
  ...
# Subtest: custom visuals receive queued messages before rendering
ok 115 - custom visuals receive queued messages before rendering
  ---
  duration_ms: 0.593695
  type: 'test'
  ...
# Subtest: commit failures reject the batch and do not strand subsequent commits
ok 116 - commit failures reject the batch and do not strand subsequent commits
  ---
  duration_ms: 0.557703
  type: 'test'
  ...
# Subtest: disposing a compositor rejects pending batches and disposes its object graph
ok 117 - disposing a compositor rejects pending batches and disposes its object graph
  ---
  duration_ms: 0.520357
  type: 'test'
  ...
# Subtest: compositor disposal clears events and invokes custom handler disposal only once
ok 118 - compositor disposal clears events and invokes custom handler disposal only once
  ---
  duration_ms: 0.272842
  type: 'test'
  ...
# Subtest: container query grammar validates full input, axes, and Boolean precedence
ok 119 - container query grammar validates full input, axes, and Boolean precedence
  ---
  duration_ms: 1.541874
  type: 'test'
  ...
# Subtest: ancestor resize applies and removes query setters without replacing local values
ok 120 - ancestor resize applies and removes query setters without replacing local values
  ---
  duration_ms: 7.065229
  type: 'test'
  ...
# Subtest: XAML Container attached properties and conditional children instantiate
ok 121 - XAML Container attached properties and conditional children instantiate
  ---
  duration_ms: 5.402567
  type: 'test'
  ...
# Subtest: gesture collections enforce single ownership, duplicate rejection and immediate batched ownership
ok 122 - gesture collections enforce single ownership, duplicate rejection and immediate batched ownership
  ---
  duration_ms: 2.611211
  type: 'test'
  ...
# Subtest: gesture collection replacement and owner disposal detach contacts without sharing lifetimes
ok 123 - gesture collection replacement and owner disposal detach contacts without sharing lifetimes
  ---
  duration_ms: 0.463563
  type: 'test'
  ...
# Subtest: scroll threshold subtracts its dead zone and captures separately from element capture
ok 124 - scroll threshold subtracts its dead zone and captures separately from element capture
  ---
  duration_ms: 1.616844
  type: 'test'
  ...
# Subtest: Mouse contacts are never converted into touch scrolling
ok 125 - Mouse contacts are never converted into touch scrolling
  ---
  duration_ms: 0.438397
  type: 'test'
  ...
# Subtest: Pen contacts use the same threshold and release contracts as touch
ok 126 - Pen contacts use the same threshold and release contracts as touch
  ---
  duration_ms: 0.59649
  type: 'test'
  ...
# Subtest: unhandled scroll does not steal element capture
ok 127 - unhandled scroll does not steal element capture
  ---
  duration_ms: 1.023439
  type: 'test'
  ...
# Subtest: ScrollViewer cancels a pressed button before dragging can invoke Click
ok 128 - ScrollViewer cancels a pressed button before dragging can invoke Click
  ---
  duration_ms: 7.015905
  type: 'test'
  ...
# Subtest: a normal touch tap still invokes Button.Click once
ok 129 - a normal touch tap still invokes Button.Click once
  ---
  duration_ms: 1.722369
  type: 'test'
  ...
# Subtest: nested boundary-aware scroll recognizers yield to an ancestor that can consume movement
ok 130 - nested boundary-aware scroll recognizers yield to an ancestor that can consume movement
  ---
  duration_ms: 0.976049
  type: 'test'
  ...
# Subtest: pinch reports finite scale, midpoint, angle and exactly one end event
ok 131 - pinch reports finite scale, midpoint, angle and exactly one end event
  ---
  duration_ms: 1.07181
  type: 'test'
  ...
# Subtest: coincident pinch contacts and an extra third contact do not produce NaN or extra captures
ok 132 - coincident pinch contacts and an extra third contact do not produce NaN or extra captures
  ---
  duration_ms: 0.345539
  type: 'test'
  ...
# Subtest: cancel and collection removal release both pinch capture and pending contacts
ok 133 - cancel and collection removal release both pinch capture and pending contacts
  ---
  duration_ms: 0.228577
  type: 'test'
  ...
# Subtest: a second contact upgrades a running scroll to a pinch without leaving scroll state active
ok 134 - a second contact upgrades a running scroll to a pinch without leaving scroll state active
  ---
  duration_ms: 0.392559
  type: 'test'
  ...
# Subtest: PreventGestureRecognition in a tunnel handler suppresses recognizers without suppressing ordinary input
ok 135 - PreventGestureRecognition in a tunnel handler suppresses recognizers without suppressing ordinary input
  ---
  duration_ms: 0.242507
  type: 'test'
  ...
# Subtest: velocity estimator is bounded, rejects reversed time, tolerates duplicate timestamps and stale release
ok 136 - velocity estimator is bounded, rejects reversed time, tolerates duplicate timestamps and stale release
  ---
  duration_ms: 3.020744
  type: 'test'
  ...
# Subtest: inertial displacement is frame-rate independent using analytic integration
ok 137 - inertial displacement is frame-rate independent using analytic integration
  ---
  duration_ms: 1.569134
  type: 'test'
  ...
# Subtest: new press, disabled target, explicit cancellation and disposal stop inertia callbacks
ok 138 - new press, disabled target, explicit cancellation and disposal stop inertia callbacks
  ---
  duration_ms: 0.595007
  type: 'test'
  ...
# Subtest: capture-lost reentrancy preserves the latest capturer
ok 139 - capture-lost reentrancy preserves the latest capturer
  ---
  duration_ms: 0.292782
  type: 'test'
  ...
# Subtest: XAML builds recognizer collections and validates scalar options
ok 140 - XAML builds recognizer collections and validates scalar options
  ---
  duration_ms: 3.672866
  type: 'test'
  ...
# Subtest: cancellation cannot be defeated by a capture-lost handler recapturing
ok 141 - cancellation cannot be defeated by a capture-lost handler recapturing
  ---
  duration_ms: 0.213855
  type: 'test'
  ...
# Subtest: detaching a visual subtree cancels active scroll and releases every contact
ok 142 - detaching a visual subtree cancels active scroll and releases every contact
  ---
  duration_ms: 1.297012
  type: 'test'
  ...
# Subtest: a disposed recognizer stops scheduled inertia, unsubscribes and can never be re-added
ok 143 - a disposed recognizer stops scheduled inertia, unsubscribes and can never be re-added
  ---
  duration_ms: 0.323688
  type: 'test'
  ...
# Subtest: scroll gesture end requests cancel before a subsequent movement is emitted
ok 144 - scroll gesture end requests cancel before a subsequent movement is emitted
  ---
  duration_ms: 0.209008
  type: 'test'
  ...
# Subtest: actual native Skia surface draws pixels and encodes PNG
ok 145 - actual native Skia surface draws pixels and encodes PNG
  ---
  duration_ms: 13.679891
  type: 'test'
  ...
# Subtest: native SVG path geometry has accurate bounds and fill hit testing
ok 146 - native SVG path geometry has accurate bounds and fill hit testing
  ---
  duration_ms: 1.823399
  type: 'test'
  ...
# Subtest: native path boolean intersection produces actual geometry
ok 147 - native path boolean intersection produces actual geometry
  ---
  duration_ms: 1.813204
  type: 'test'
  ...
# Subtest: multiple registered faces in one family retain independent native ownership
ok 148 - multiple registered faces in one family retain independent native ownership
  ---
  duration_ms: 89.527633
  type: 'test'
  ...
# Subtest: retained native paragraph keys are serialized once across repeated shaping queries
ok 149 - retained native paragraph keys are serialized once across repeated shaping queries
  ---
  duration_ms: 39.674331
  type: 'test'
  ...
# Subtest: font handles remain safe when disposed after their owning platform
ok 150 - font handles remain safe when disposed after their owning platform
  ---
  duration_ms: 14.934311
  type: 'test'
  ...
# Subtest: solid native paints are reused without changing the rendered color after eviction
ok 151 - solid native paints are reused without changing the rendered color after eviction
  ---
  duration_ms: 6.310525
  type: 'test'
  ...
# Subtest: ImageBrush uses native image shader with transparent uniform letterboxing
ok 152 - ImageBrush uses native image shader with transparent uniform letterboxing
  ---
  duration_ms: 18.167678
  type: 'test'
  ...
# Subtest: VisualBrush snapshots actual retained content and refreshes mutable brushes
ok 153 - VisualBrush snapshots actual retained content and refreshes mutable brushes
  ---
  duration_ms: 14.694989
  type: 'test'
  ...
# Subtest: BitmapCache reuses unchanged content, refreshes descendants, and releases on dispose
ok 154 - BitmapCache reuses unchanged content, refreshes descendants, and releases on dispose
  ---
  duration_ms: 8.554063
  type: 'test'
  ...
# Subtest: native blur and drop shadow affect pixels outside original geometry
ok 155 - native blur and drop shadow affect pixels outside original geometry
  ---
  duration_ms: 11.712701
  type: 'test'
  ...
# Subtest: inset shadows are clipped to the border and darken interior edge
ok 156 - inset shadows are clipped to the border and darken interior edge
  ---
  duration_ms: 7.482002
  type: 'test'
  ...
# Subtest: acrylic filters the existing native surface before applying material tint
ok 157 - acrylic filters the existing native surface before applying material tint
  ---
  duration_ms: 2.627194
  type: 'test'
  ...
# Subtest: value priorities expose lower priorities when disposed
ok 158 - value priorities expose lower priorities when disposed
  ---
  duration_ms: 1.457229
  type: 'test'
  ...
# Subtest: later same-priority value wins and removal reveals prior
ok 159 - later same-priority value wins and removal reveals prior
  ---
  duration_ms: 0.150312
  type: 'test'
  ...
# Subtest: inheritance notifications and local overrides
ok 160 - inheritance notifications and local overrides
  ---
  duration_ms: 1.618507
  type: 'test'
  ...
# Subtest: inheritance cycles are rejected
ok 161 - inheritance cycles are rejected
  ---
  duration_ms: 2.772798
  type: 'test'
  ...
# Subtest: RxJS observable binding lifecycle and SetCurrentValue
ok 162 - RxJS observable binding lifecycle and SetCurrentValue
  ---
  duration_ms: 0.554748
  type: 'test'
  ...
# Subtest: style observable does not replace local observable binding
ok 163 - style observable does not replace local observable binding
  ---
  duration_ms: 0.268786
  type: 'test'
  ...
# Subtest: direct properties call setter and publish once
ok 164 - direct properties call setter and publish once
  ---
  duration_ms: 0.309346
  type: 'test'
  ...
# Subtest: ReactiveWeb nested source replacement rebinds path
ok 165 - ReactiveWeb nested source replacement rebinds path
  ---
  duration_ms: 3.133961
  type: 'test'
  ...
# Subtest: ReactiveWeb two-way textbox binding
ok 166 - ReactiveWeb two-way textbox binding
  ---
  duration_ms: 1.176004
  type: 'test'
  ...
# Subtest: OneTime binding takes initial source only
ok 167 - OneTime binding takes initial source only
  ---
  duration_ms: 0.58316
  type: 'test'
  ...
# Subtest: binding fallback applies to missing source path
ok 168 - binding fallback applies to missing source path
  ---
  duration_ms: 0.273603
  type: 'test'
  ...
# Subtest: binding target-null replacement preserves null semantics
ok 169 - binding target-null replacement preserves null semantics
  ---
  duration_ms: 0.260935
  type: 'test'
  ...
# Subtest: unsafe binding path rejected: __proto__.polluted
ok 170 - unsafe binding path rejected: __proto__.polluted
  ---
  duration_ms: 0.105545
  type: 'test'
  ...
# Subtest: unsafe binding path rejected: constructor.name
ok 171 - unsafe binding path rejected: constructor.name
  ---
  duration_ms: 0.052077
  type: 'test'
  ...
# Subtest: unsafe binding path rejected: Value["__proto__"]
ok 172 - unsafe binding path rejected: Value["__proto__"]
  ---
  duration_ms: 0.104284
  type: 'test'
  ...
# Subtest: binding path parses array and dictionary indexers
ok 173 - binding path parses array and dictionary indexers
  ---
  duration_ms: 0.13617
  type: 'test'
  ...
# Subtest: dynamic resource updates existing target
ok 174 - dynamic resource updates existing target
  ---
  duration_ms: 1.610705
  type: 'test'
  ...
# Subtest: conditional styles activate and deactivate without defeating local values
ok 175 - conditional styles activate and deactivate without defeating local values
  ---
  duration_ms: 3.123976
  type: 'test'
  ...
# Subtest: attached properties are supported in style setters
ok 176 - attached properties are supported in style setters
  ---
  duration_ms: 0.423354
  type: 'test'
  ...
# Subtest: measure/arrange applies margin and alignment
ok 177 - measure/arrange applies margin and alignment
  ---
  duration_ms: 0.619684
  type: 'test'
  ...
# Subtest: Grid resolves pixel and weighted star columns
ok 178 - Grid resolves pixel and weighted star columns
  ---
  duration_ms: 2.681554
  type: 'test'
  ...
# Subtest: Grid star row behaves as auto under infinite measure
ok 179 - Grid star row behaves as auto under infinite measure
  ---
  duration_ms: 0.760702
  type: 'test'
  ...
# Subtest: Grid layout invalidates after definition changes
ok 180 - Grid layout invalidates after definition changes
  ---
  duration_ms: 1.497238
  type: 'test'
  ...
# Subtest: StackPanel sums children and spacing
ok 181 - StackPanel sums children and spacing
  ---
  duration_ms: 1.066182
  type: 'test'
  ...
# Subtest: WrapPanel starts a new line when width is exceeded
ok 182 - WrapPanel starts a new line when width is exceeded
  ---
  duration_ms: 1.18007
  type: 'test'
  ...
# Subtest: RelativePanel detects circular sibling references
ok 183 - RelativePanel detects circular sibling references
  ---
  duration_ms: 1.260899
  type: 'test'
  ...
# Subtest: visual ownership rejects duplicates and cycles
ok 184 - visual ownership rejects duplicates and cycles
  ---
  duration_ms: 1.26812
  type: 'test'
  ...
# Subtest: headless mouse click invokes a genuine ReactiveCommand
ok 185 - headless mouse click invokes a genuine ReactiveCommand
  ---
  duration_ms: 5.015186
  type: 'test'
  ...
# Subtest: button keyboard activation and disabled state
ok 186 - button keyboard activation and disabled state
  ---
  duration_ms: 1.846563
  type: 'test'
  ...
# Subtest: routed event tunnels before bubbling
ok 187 - routed event tunnels before bubbling
  ---
  duration_ms: 0.535459
  type: 'test'
  ...
# Subtest: virtual ListBox realizes a bounded viewport for 10,000 items
ok 188 - virtual ListBox realizes a bounded viewport for 10,000 items
  ---
  duration_ms: 18.352382
  type: 'test'
  ...
# Subtest: virtual ListBox nested in unconstrained Grid converges
ok 189 - virtual ListBox nested in unconstrained Grid converges
  ---
  duration_ms: 10.961754
  type: 'test'
  ...
# Subtest: Menu rebuild preserves caller-owned MenuItem instances
ok 190 - Menu rebuild preserves caller-owned MenuItem instances
  ---
  duration_ms: 3.739604
  type: 'test'
  ...
# Subtest: scalar XAML resources, attached properties and namescope
ok 191 - scalar XAML resources, attached properties and namescope
  ---
  duration_ms: 5.698162
  type: 'test'
  ...
# Subtest: XAML two-way bindings integrate ReactiveWeb
ok 192 - XAML two-way bindings integrate ReactiveWeb
  ---
  duration_ms: 1.46513
  type: 'test'
  ...
# Subtest: AOT emitter produces executable ESM without eval
ok 193 - AOT emitter produces executable ESM without eval
  ---
  duration_ms: 34.658846
  type: 'test'
  ...
# Subtest: ControlTemplate and TemplateBinding propagate content
ok 194 - ControlTemplate and TemplateBinding propagate content
  ---
  duration_ms: 4.297817
  type: 'test'
  ...
# Subtest: XML parser rejects DOCTYPE
ok 195 - XML parser rejects DOCTYPE
  ---
  duration_ms: 0.157762
  type: 'test'
  ...
# Subtest: XML parser rejects external entity
ok 196 - XML parser rejects external entity
  ---
  duration_ms: 0.188548
  type: 'test'
  ...
# Subtest: XML parser rejects bare ampersand
ok 197 - XML parser rejects bare ampersand
  ---
  duration_ms: 0.111575
  type: 'test'
  ...
# Subtest: XML parser rejects duplicate attribute
ok 198 - XML parser rejects duplicate attribute
  ---
  duration_ms: 0.065066
  type: 'test'
  ...
# Subtest: XML parser rejects mismatched close
ok 199 - XML parser rejects mismatched close
  ---
  duration_ms: 0.077825
  type: 'test'
  ...
# Subtest: XML parser rejects undeclared namespace
ok 200 - XML parser rejects undeclared namespace
  ---
  duration_ms: 0.055261
  type: 'test'
  ...
# Subtest: XML parser rejects multiple roots
ok 201 - XML parser rejects multiple roots
  ---
  duration_ms: 0.053859
  type: 'test'
  ...
# Subtest: XML parser rejects invalid codepoint
ok 202 - XML parser rejects invalid codepoint
  ---
  duration_ms: 0.090223
  type: 'test'
  ...
# Subtest: XML parser enforces nesting limit
ok 203 - XML parser enforces nesting limit
  ---
  duration_ms: 0.106847
  type: 'test'
  ...
# Subtest: XML parser handles namespaced attributes and escaped text
ok 204 - XML parser handles namespaced attributes and escaped text
  ---
  duration_ms: 0.097393
  type: 'test'
  ...
# Subtest: markup extension parser preserves nested expressions and quoted commas
ok 205 - markup extension parser preserves nested expressions and quoted commas
  ---
  duration_ms: 0.110924
  type: 'test'
  ...
# Subtest: unknown XAML types and properties fail rather than being ignored
ok 206 - unknown XAML types and properties fail rather than being ignored
  ---
  duration_ms: 0.566155
  type: 'test'
  ...
# Subtest: XAML property assignment cannot pollute prototypes
ok 207 - XAML property assignment cannot pollute prototypes
  ---
  duration_ms: 0.256418
  type: 'test'
  ...
# Subtest: animation samples keyframes and restores base value
ok 208 - animation samples keyframes and restores base value
  ---
  duration_ms: 0.998392
  type: 'test'
  ...
# Subtest: animation abort releases priority values and subscription
ok 209 - animation abort releases priority values and subscription
  ---
  duration_ms: 0.249027
  type: 'test'
  ...
# Subtest: LRU cache eviction disposes native resources
ok 210 - LRU cache eviction disposes native resources
  ---
  duration_ms: 0.206986
  type: 'test'
  ...
# Subtest: affine matrix inverse restores transformed coordinates
ok 211 - affine matrix inverse restores transformed coordinates
  ---
  duration_ms: 0.091475
  type: 'test'
  ...
# Subtest: Color uses Avalonia ARGB hexadecimal ordering
ok 212 - Color uses Avalonia ARGB hexadecimal ordering
  ---
  duration_ms: 0.148168
  type: 'test'
  ...
# Subtest: Calendar selected date updates the selected-date collection
ok 213 - Calendar selected date updates the selected-date collection
  ---
  duration_ms: 0.54265
  type: 'test'
  ...
# Subtest: TableView is a ListBox with live read-only Binding definitions and actual cell controls
ok 214 - TableView is a ListBox with live read-only Binding definitions and actual cell controls
  ---
  duration_ms: 16.91337
  type: 'test'
  ...
# Subtest: TableView XAML assigns Binding rather than evaluating on the column DataContext
ok 215 - TableView XAML assigns Binding rather than evaluating on the column DataContext
  ---
  duration_ms: 9.362355
  type: 'test'
  ...
# Subtest: TableView CellTemplate receives row data and takes precedence over Binding
ok 216 - TableView CellTemplate receives row data and takes precedence over Binding
  ---
  duration_ms: 4.397354
  type: 'test'
  ...
# Subtest: TableView rejects duplicate or cross-owned columns before mutating collections
ok 217 - TableView rejects duplicate or cross-owned columns before mutating collections
  ---
  duration_ms: 4.242285
  type: 'test'
  ...
# Subtest: TableView star, auto, pixel and constrained column widths share one row/header layout
ok 218 - TableView star, auto, pixel and constrained column widths share one row/header layout
  ---
  duration_ms: 9.596681
  type: 'test'
  ...
# Subtest: TableView 10,000 rows recycle real cell containers and release stale bindings
ok 219 - TableView 10,000 rows recycle real cell containers and release stale bindings
  ---
  duration_ms: 104.131222
  type: 'test'
  ...
# Subtest: TableView checkbox cell subscriptions and controls are disposed when recycled
ok 220 - TableView checkbox cell subscriptions and controls are disposed when recycled
  ---
  duration_ms: 3.193389
  type: 'test'
  ...
# Subtest: TableView header click sorting preserves selection identity and can be cancelled
ok 221 - TableView header click sorting preserves selection identity and can be cancelled
  ---
  duration_ms: 23.2547
  type: 'test'
  ...
# Subtest: TableView nullable resize override respects owning table changes
ok 222 - TableView nullable resize override respects owning table changes
  ---
  duration_ms: 3.078299
  type: 'test'
  ...
# Subtest: grapheme boundaries preserve emoji ZWJ, combining marks, flags and CRLF
ok 223 - grapheme boundaries preserve emoji ZWJ, combining marks, flags and CRLF
  ---
  duration_ms: 1.515154
  type: 'test'
  ...
# Subtest: TextBox deletes complete graphemes and enforces MaxLength without lone surrogates
ok 224 - TextBox deletes complete graphemes and enforces MaxLength without lone surrogates
  ---
  duration_ms: 3.436608
  type: 'test'
  ...
# Subtest: a native IME composition is a single undo/redo transaction
ok 225 - a native IME composition is a single undo/redo transaction
  ---
  duration_ms: 0.955649
  type: 'test'
  ...
# Subtest: password masking maps visual caret positions to original UTF-16 boundaries and supports reveal
ok 226 - password masking maps visual caret positions to original UTF-16 boundaries and supports reveal
  ---
  duration_ms: 0.541298
  type: 'test'
  ...
# Subtest: fallback line breaking retains source indices across CRLF and never truncates a grapheme
ok 227 - fallback line breaking retains source indices across CRLF and never truncates a grapheme
  ---
  duration_ms: 0.37278
  type: 'test'
  ...
# Subtest: rich inline ownership, inheritance, dynamic invalidation and XAML loading are functional
ok 228 - rich inline ownership, inheritance, dynamic invalidation and XAML loading are functional
  ---
  duration_ms: 9.75185
  type: 'test'
  ...
# Subtest: native SkParagraph shapes ligatures, Arabic and mixed-direction text with cluster hit testing
ok 229 - native SkParagraph shapes ligatures, Arabic and mixed-direction text with cluster hit testing
  ---
  duration_ms: 36.4522
  type: 'test'
  ...
# Subtest: native rich paragraph rendering uses per-run sizes, colors, wrapping and source indices
ok 230 - native rich paragraph rendering uses per-run sizes, colors, wrapping and source indices
  ---
  duration_ms: 19.879022
  type: 'test'
  ...
# Subtest: native paragraph cache eviction cannot invalidate a retained TextLayout
ok 231 - native paragraph cache eviction cannot invalidate a retained TextLayout
  ---
  duration_ms: 8.279729
  type: 'test'
  ...
# Subtest: inline UI containers participate in native text layout, visual arrangement and hit testing
ok 232 - inline UI containers participate in native text layout, visual arrangement and hit testing
  ---
  duration_ms: 4.826897
  type: 'test'
  ...
# Subtest: TextFormatter consumes source runs, preserves CRLF indices, and returns line-break continuations
ok 233 - TextFormatter consumes source runs, preserves CRLF indices, and returns line-break continuations
  ---
  duration_ms: 2.872455
  type: 'test'
  ...
# Subtest: wrapped formatter lines reuse a paragraph rather than rereading and reshaping the source
ok 234 - wrapped formatter lines reuse a paragraph rather than rereading and reshaping the source
  ---
  duration_ms: 3.139089
  type: 'test'
  ...
# Subtest: source run styles survive formatting and drawing records
ok 235 - source run styles survive formatting and drawing records
  ---
  duration_ms: 0.612243
  type: 'test'
  ...
# Subtest: TextLine caret navigation is UTF-16-indexed and grapheme safe
ok 236 - TextLine caret navigation is UTF-16-indexed and grapheme safe
  ---
  duration_ms: 1.03743
  type: 'test'
  ...
# Subtest: formatter rejects non-advancing runs and oversized paragraphs
ok 237 - formatter rejects non-advancing runs and oversized paragraphs
  ---
  duration_ms: 0.188088
  type: 'test'
  ...
# Subtest: TextLine collapse and interword justification are executable layout operations
ok 238 - TextLine collapse and interword justification are executable layout operations
  ---
  duration_ms: 0.829673
  type: 'test'
  ...
# Subtest: repeated TextBlock rendering retains the same layout without measuring
ok 239 - repeated TextBlock rendering retains the same layout without measuring
  ---
  duration_ms: 12.404601
  type: 'test'
  ...
# Subtest: TextBlock invalidates retained layout for shaping properties, width and inline changes
ok 240 - TextBlock invalidates retained layout for shaping properties, width and inline changes
  ---
  duration_ms: 4.232982
  type: 'test'
  ...
# Subtest: in-place foreground brush changes invalidate native descriptor snapshots
ok 241 - in-place foreground brush changes invalidate native descriptor snapshots
  ---
  duration_ms: 0.913597
  type: 'test'
  ...
# Subtest: text service generations invalidate retained layouts after font changes
ok 242 - text service generations invalidate retained layouts after font changes
  ---
  duration_ms: 0.446398
  type: 'test'
  ...
# Subtest: Control.DrawText retains bounded label layouts and respects mutable brush colors
ok 243 - Control.DrawText retains bounded label layouts and respects mutable brush colors
  ---
  duration_ms: 1.700848
  type: 'test'
  ...
# Subtest: text editor does not rebuild layout on caret or selection changes
ok 244 - text editor does not rebuild layout on caret or selection changes
  ---
  duration_ms: 2.328343
  type: 'test'
  ...
# Subtest: password layout reuse refreshes the logical mapping when equal-length masks hide different clusters
ok 245 - password layout reuse refreshes the logical mapping when equal-length masks hide different clusters
  ---
  duration_ms: 1.318023
  type: 'test'
  ...
# Subtest: grapheme cache is immutable, bounded, and does not expose text in diagnostics
ok 246 - grapheme cache is immutable, bounded, and does not expose text in diagnostics
  ---
  duration_ms: 5.242992
  type: 'test'
  ...
# Subtest: fallback caret hit testing uses logarithmic prefix measurements and reuses them
ok 247 - fallback caret hit testing uses logarithmic prefix measurements and reuses them
  ---
  duration_ms: 36.525228
  type: 'test'
  ...
# Subtest: negative letter spacing retains a non-monotonic fallback hit-test path
ok 248 - negative letter spacing retains a non-monotonic fallback hit-test path
  ---
  duration_ms: 0.473919
  type: 'test'
  ...
# Subtest: provider registrations restore the previous provider after out-of-order disposal
ok 249 - provider registrations restore the previous provider after out-of-order disposal
  ---
  duration_ms: 0.148519
  type: 'test'
  ...
# Subtest: font stretch and letter spacing survive XAML property conversion
ok 250 - font stretch and letter spacing survive XAML property conversion
  ---
  duration_ms: 3.665254
  type: 'test'
  ...
# Subtest: text raster plan includes italic overhang and unusually tall combining-mark ink
ok 251 - text raster plan includes italic overhang and unusually tall combining-mark ink
  ---
  duration_ms: 0.283128
  type: 'test'
  ...
# Subtest: text tiles cover large lines exactly without requiring an oversized canvas
ok 252 - text tiles cover large lines exactly without requiring an oversized canvas
  ---
  duration_ms: 0.388674
  type: 'test'
  ...
# Subtest: device-phase raster destinations land on the original physical pixel grid
ok 253 - device-phase raster destinations land on the original physical pixel grid
  ---
  duration_ms: 0.285782
  type: 'test'
  ...
# Subtest: rotated or sheared text uses the largest affine stretch rather than device DPR alone
ok 254 - rotated or sheared text uses the largest affine stretch rather than device DPR alone
  ---
  duration_ms: 0.123211
  type: 'test'
  ...
# Subtest: invalid raster sizes fail explicitly before allocation
ok 255 - invalid raster sizes fail explicitly before allocation
  ---
  duration_ms: 0.132535
  type: 'test'
  ...
# Subtest: wide fallback paragraph wrapping searches break candidates instead of every prefix
ok 256 - wide fallback paragraph wrapping searches break candidates instead of every prefix
  ---
  duration_ms: 46.432807
  type: 'test'
  ...
# Subtest: fallback ellipsis binary search never splits a grapheme and avoids a quadratic scan
ok 257 - fallback ellipsis binary search never splits a grapheme and avoids a quadratic scan
  ---
  duration_ms: 8.998078
  type: 'test'
  ...
# Subtest: WrapWithOverflow preserves an unbreakable word while Wrap can split it
ok 258 - WrapWithOverflow preserves an unbreakable word while Wrap can split it
  ---
  duration_ms: 0.405308
  type: 'test'
  ...
# Subtest: Avalonia text raster compatibility exports are the actual upstream functions
ok 259 - Avalonia text raster compatibility exports are the actual upstream functions
  ---
  duration_ms: 1.101564
  type: 'test'
  ...
# Subtest: text module matches the merged upstream Git blob and consumer pins that exact revision
ok 260 - text module matches the merged upstream Git blob and consumer pins that exact revision
  ---
  duration_ms: 4.650037
  type: 'test'
  ...
# Subtest: shared clipped text planning is proportional to the viewport, not line length
ok 261 - shared clipped text planning is proportional to the viewport, not line length
  ---
  duration_ms: 10.076578
  type: 'test'
  ...
# Subtest: XAML explicit constructor overloads preserve argument types in runtime and direct AOT
ok 262 - XAML explicit constructor overloads preserve argument types in runtime and direct AOT
  ---
  duration_ms: 9.674236
  type: 'test'
  ...
# Subtest: XAML registered factories receive optional and variadic arguments without eval
ok 263 - XAML registered factories receive optional and variadic arguments without eval
  ---
  duration_ms: 3.415306
  type: 'test'
  ...
# Subtest: XAML generic factories cache closed types and typed arrays reject incompatible elements
ok 264 - XAML generic factories cache closed types and typed arrays reject incompatible elements
  ---
  duration_ms: 9.712186
  type: 'test'
  ...
# Subtest: XAML array resources remain keyed and nested object arguments do not become RootObject
ok 265 - XAML array resources remain keyed and nested object arguments do not become RootObject
  ---
  duration_ms: 8.603657
  type: 'test'
  ...
# Subtest: XAML failure disposes constructed objects once in both execution paths
ok 266 - XAML failure disposes constructed objects once in both execution paths
  ---
  duration_ms: 2.123501
  type: 'test'
  ...
# Subtest: overload ambiguity, nullability and numeric validation are explicit
ok 267 - overload ambiguity, nullability and numeric validation are explicit
  ---
  duration_ms: 1.106591
  type: 'test'
  ...
# Subtest: XAML duplicate constructor directives and missing generic arity fail before silent defaults
ok 268 - XAML duplicate constructor directives and missing generic arity fail before silent defaults
  ---
  duration_ms: 1.092471
  type: 'test'
  ...
1..268
# tests 268
# suites 0
# pass 268
# fail 0
# cancelled 0
# skipped 0
# todo 0
# duration_ms 2732.26923
