START build 17:38:59
build 0 17:39:00
START vendor 17:39:00
vendor 0 17:39:00
START workers 17:39:00
workers 0 17:39:01
START node 17:39:01
node 0 17:39:05
START pack 17:39:05
pack 0 17:39:11
START consumer 17:39:11
consumer 0 17:39:12
START worker-startup 17:39:12
worker-startup 0 17:40:16
http-workers 2 (policy block is recorded, not claimed as pass)
START catalog-final 17:40:18
catalog-final 0 17:40:53
START text-final 17:40:53
text-final 0 17:40:57
START scrollbar-1 17:40:57
scrollbar-1 0 17:41:08
START scrollbar-125 17:41:08
scrollbar-125 0 17:41:19
START automation-final 17:41:19
automation-final 0 17:41:23
START threaded-browser 17:41:23
threaded-browser 0 17:41:41
START threaded-integration 17:41:41
threaded-integration 0 17:42:01
START threaded-quality 17:42:01
threaded-quality 0 17:42:29
START threaded-catalog 17:42:29
threaded-catalog 0 17:42:52
START threaded-performance 17:42:52
threaded-performance 0 17:43:16
START gate 17:43:16
gate 1 17:43:17
local-evidence-summary(CI=false) 0; ordinary HTTP remains unqualified
